[mehedi.asiandevelopers.com/govarnex-demo/index.html]
[backblue.gif]
[fade.gif]
[index.html]
[mehedi.asiandevelopers.com/govarnex-demo/assets/images/favicons/apple-touch-icon.png]
[mehedi.asiandevelopers.com/govarnex-demo/assets/images/favicons/favicon-32x32.png]
[mehedi.asiandevelopers.com/govarnex-demo/assets/images/favicons/favicon-16x16.png]
[mehedi.asiandevelopers.com/govarnex-demo/assets/images/favicons/site.webmanifest]
[mehedi.asiandevelopers.com/govarnex-demo/assets/vendors/animate/animate.min.css]
[mehedi.asiandevelopers.com/govarnex-demo/assets/vendors/animate/custom-animate.css]
[mehedi.asiandevelopers.com/govarnex-demo/assets/vendors/bootstrap/css/bootstrap.min.css]
[mehedi.asiandevelopers.com/govarnex-demo/assets/vendors/bootstrap-select/css/bootstrap-select.min.css]
[mehedi.asiandevelopers.com/govarnex-demo/assets/vendors/bxslider/jquery.bxslider.css]
[mehedi.asiandevelopers.com/govarnex-demo/assets/vendors/fontawesome/css/all.min.css]
[mehedi.asiandevelopers.com/govarnex-demo/assets/vendors/jquery-magnific-popup/jquery.magnific-popup.css]
[mehedi.asiandevelopers.com/govarnex-demo/assets/vendors/jquery-ui/jquery-ui.css]
[mehedi.asiandevelopers.com/govarnex-demo/assets/vendors/nice-select/nice-select.css]
[mehedi.asiandevelopers.com/govarnex-demo/assets/vendors/odometer/odometer.min.css]
[mehedi.asiandevelopers.com/govarnex-demo/assets/vendors/owl-carousel/owl.carousel.min.css]
[mehedi.asiandevelopers.com/govarnex-demo/assets/vendors/owl-carousel/owl.theme.default.min.css]
[mehedi.asiandevelopers.com/govarnex-demo/assets/vendors/swiper/swiper.min.css]
[mehedi.asiandevelopers.com/govarnex-demo/assets/vendors/timepicker/timePicker.css]
[mehedi.asiandevelopers.com/govarnex-demo/assets/vendors/tiny-slider/tiny-slider.min.css]
[mehedi.asiandevelopers.com/govarnex-demo/assets/vendors/vegas/vegas.min.css]
[mehedi.asiandevelopers.com/govarnex-demo/assets/vendors/thm-icons/style.css]
[mehedi.asiandevelopers.com/govarnex-demo/assets/css/module-css/01-header-section.css]
[mehedi.asiandevelopers.com/govarnex-demo/assets/css/module-css/02-banner-section.css]
[mehedi.asiandevelopers.com/govarnex-demo/assets/css/module-css/03-about-section.css]
[mehedi.asiandevelopers.com/govarnex-demo/assets/css/module-css/04-fact-counter-section.css]
[mehedi.asiandevelopers.com/govarnex-demo/assets/css/module-css/05-testimonial-section.css]
[mehedi.asiandevelopers.com/govarnex-demo/assets/css/module-css/06-partner-section.css]
[mehedi.asiandevelopers.com/govarnex-demo/assets/css/module-css/07-footer-section.css]
[mehedi.asiandevelopers.com/govarnex-demo/assets/css/module-css/08-blog-section.css]
[mehedi.asiandevelopers.com/govarnex-demo/assets/css/style.css]
[mehedi.asiandevelopers.com/govarnex-demo/assets/css/responsive.css]
[mehedi.asiandevelopers.com/govarnex-demo/]
[mehedi.asiandevelopers.com/govarnex-demo/assets/images/resources/logo-1.png]
[mehedi.asiandevelopers.com/govarnex-demo/assets/images/home-showcase/home-showcase-1-1.jpg]
[mehedi.asiandevelopers.com/govarnex-demo/]
[mehedi.asiandevelopers.com/govarnex-demo/assets/images/home-showcase/home-showcase-1-2.jpg]
[mehedi.asiandevelopers.com/govarnex-demo/]
[mehedi.asiandevelopers.com/govarnex-demo/]
[mehedi.asiandevelopers.com/govarnex-demo/assets/images/home-showcase/home-showcase-1-3.jpg]
[mehedi.asiandevelopers.com/govarnex-demo/]
[mehedi.asiandevelopers.com/govarnex-demo/]
[mehedi.asiandevelopers.com/govarnex-demo/assets/images/home-showcase/home-showcase-1-4.jpg]
[mehedi.asiandevelopers.com/govarnex-demo/index-dark.html]
[mehedi.asiandevelopers.com/govarnex-demo/about.html]
[mehedi.asiandevelopers.com/govarnex-demo/history.html]
[mehedi.asiandevelopers.com/govarnex-demo/services.html]
[mehedi.asiandevelopers.com/govarnex-demo/]
[mehedi.asiandevelopers.com/govarnex-demo/]
[mehedi.asiandevelopers.com/govarnex-demo/departments-details.html]
[mehedi.asiandevelopers.com/govarnex-demo/testimonials.html]
[mehedi.asiandevelopers.com/govarnex-demo/faq.html]
[mehedi.asiandevelopers.com/govarnex-demo/]
[mehedi.asiandevelopers.com/govarnex-demo/portfolio-masonry.html]
[mehedi.asiandevelopers.com/govarnex-demo/]
[mehedi.asiandevelopers.com/govarnex-demo/]
[mehedi.asiandevelopers.com/govarnex-demo/team-details.html]
[mehedi.asiandevelopers.com/govarnex-demo/events-1.html]
[mehedi.asiandevelopers.com/govarnex-demo/]
[mehedi.asiandevelopers.com/govarnex-demo/event-details.html]
[mehedi.asiandevelopers.com/govarnex-demo/]
[mehedi.asiandevelopers.com/govarnex-demo/]
[mehedi.asiandevelopers.com/govarnex-demo/blog-details.html]
[mehedi.asiandevelopers.com/govarnex-demo/contact.html]
[mehedi.asiandevelopers.com/govarnex-demo/assets/images/slides/slide-v1-1.jpg]
[mehedi.asiandevelopers.com/govarnex-demo/assets/images/slides/slide-v1-2.jpg]
[mehedi.asiandevelopers.com/govarnex-demo/assets/images/shapes/features-v1-shape1.png]
[mehedi.asiandevelopers.com/govarnex-demo/assets/images/resources/about-v1-signature.png]
[mehedi.asiandevelopers.com/govarnex-demo/assets/images/shapes/thm-shape1.png]
[mehedi.asiandevelopers.com/govarnex-demo/assets/images/about/about-v1-img1.png]
[mehedi.asiandevelopers.com/govarnex-demo/assets/images/shapes/services-v1-shape1.png]
[mehedi.asiandevelopers.com/govarnex-demo/assets/images/shapes/services-v1-shape2.png]
[mehedi.asiandevelopers.com/govarnex-demo/assets/images/shapes/services-v1-shape3.png]
[mehedi.asiandevelopers.com/govarnex-demo/assets/images/services/instant-services-v1-img1.jpg]
[mehedi.asiandevelopers.com/govarnex-demo/assets/images/shapes/testimonials-v1-shape2.png]
[mehedi.asiandevelopers.com/govarnex-demo/assets/images/testimonial/testimonial-v1-1.jpg]
[mehedi.asiandevelopers.com/govarnex-demo/assets/images/testimonial/testimonial-v1-2.jpg]
[mehedi.asiandevelopers.com/govarnex-demo/assets/images/testimonial/testimonial-v1-3.jpg]
[mehedi.asiandevelopers.com/govarnex-demo/assets/images/backgrounds/fact-counter-v1-bg.png]
[mehedi.asiandevelopers.com/govarnex-demo/assets/images/backgrounds/events-v1-bg.png]
[mehedi.asiandevelopers.com/govarnex-demo/assets/images/resources/events-v1-img1.jpg]
[mehedi.asiandevelopers.com/govarnex-demo/assets/images/resources/events-v1-img2.jpg]
[mehedi.asiandevelopers.com/govarnex-demo/assets/images/resources/events-v1-img3.jpg]
[mehedi.asiandevelopers.com/govarnex-demo/assets/images/backgrounds/video-v1-bg.jpg]
[mehedi.asiandevelopers.com/govarnex-demo/assets/images/team/team-v1-img1.jpg]
[mehedi.asiandevelopers.com/govarnex-demo/assets/images/team/team-v1-img2.jpg]
[mehedi.asiandevelopers.com/govarnex-demo/assets/images/team/team-v1-img3.jpg]
[mehedi.asiandevelopers.com/govarnex-demo/assets/images/team/team-v1-img4.jpg]
[mehedi.asiandevelopers.com/govarnex-demo/assets/images/backgrounds/cta-v1-bg.png]
[mehedi.asiandevelopers.com/govarnex-demo/assets/images/shapes/blog-v1-shape1.png]
[mehedi.asiandevelopers.com/govarnex-demo/assets/images/blog/blog-v1-1.jpg]
[mehedi.asiandevelopers.com/govarnex-demo/assets/images/blog/blog-v1-2.jpg]
[mehedi.asiandevelopers.com/govarnex-demo/assets/images/blog/blog-v1-3.jpg]
[mehedi.asiandevelopers.com/govarnex-demo/assets/images/shapes/footer-v1-shape1.png]
[mehedi.asiandevelopers.com/govarnex-demo/assets/images/footer/footer-logo-1.png]
[mehedi.asiandevelopers.com/govarnex-demo/assets/images/resources/mobile-nav-logo.png]
[mehedi.asiandevelopers.com/govarnex-demo/assets/vendors/jquery/jquery-3.6.0.min.js]
[mehedi.asiandevelopers.com/govarnex-demo/assets/vendors/bootstrap/js/bootstrap.bundle.min.js]
[mehedi.asiandevelopers.com/govarnex-demo/assets/vendors/bootstrap-select/js/bootstrap-select.min.js]
[mehedi.asiandevelopers.com/govarnex-demo/assets/vendors/bxslider/jquery.bxslider.min.js]
[mehedi.asiandevelopers.com/govarnex-demo/assets/vendors/circleType/jquery.circleType.js]
[mehedi.asiandevelopers.com/govarnex-demo/assets/vendors/circleType/jquery.lettering.min.js]
[mehedi.asiandevelopers.com/govarnex-demo/assets/vendors/isotope/isotope.js]
[mehedi.asiandevelopers.com/govarnex-demo/assets/vendors/jquery-ajaxchimp/jquery.ajaxchimp.min.js]
[mehedi.asiandevelopers.com/govarnex-demo/assets/vendors/jquery-appear/jquery.appear.min.js]
[mehedi.asiandevelopers.com/govarnex-demo/assets/vendors/jquery-magnific-popup/jquery.magnific-popup.min.js]
[mehedi.asiandevelopers.com/govarnex-demo/assets/vendors/jquery-migrate/jquery-migrate.min.js]
[mehedi.asiandevelopers.com/govarnex-demo/assets/vendors/jquery-validate/jquery.validate.min.js]
[mehedi.asiandevelopers.com/govarnex-demo/assets/vendors/jquery-ui/jquery-ui.js]
[mehedi.asiandevelopers.com/govarnex-demo/assets/vendors/nice-select/jquery.nice-select.min.js]
[mehedi.asiandevelopers.com/govarnex-demo/assets/vendors/nouislider/nouislider.min.js]
[mehedi.asiandevelopers.com/govarnex-demo/assets/vendors/odometer/odometer.min.js]
[mehedi.asiandevelopers.com/govarnex-demo/index.html]
[mehedi.asiandevelopers.com/govarnex-demo/assets/vendors/animate/animate.min.css]
[mehedi.asiandevelopers.com/govarnex-demo/assets/vendors/animate/custom-animate.css]
[mehedi.asiandevelopers.com/govarnex-demo/assets/vendors/bootstrap/css/bootstrap.min.css]
[mehedi.asiandevelopers.com/govarnex-demo/assets/vendors/bootstrap-select/css/bootstrap-select.min.css]
[mehedi.asiandevelopers.com/govarnex-demo/assets/vendors/bxslider/jquery.bxslider.css]
[mehedi.asiandevelopers.com/govarnex-demo/assets/vendors/fontawesome/webfonts/fa-brands-400.eot]
[mehedi.asiandevelopers.com/govarnex-demo/assets/vendors/fontawesome/webfonts/fa-brands-400.woff2]
[mehedi.asiandevelopers.com/govarnex-demo/assets/vendors/fontawesome/webfonts/fa-brands-400d41d.eot]
[mehedi.asiandevelopers.com/govarnex-demo/assets/vendors/fontawesome/webfonts/fa-brands-400.woff]
[mehedi.asiandevelopers.com/govarnex-demo/assets/vendors/fontawesome/webfonts/fa-brands-400.ttf]
[mehedi.asiandevelopers.com/govarnex-demo/assets/vendors/fontawesome/webfonts/fa-regular-400.eot]
[mehedi.asiandevelopers.com/govarnex-demo/assets/vendors/fontawesome/webfonts/fa-regular-400d41d.eot]
[mehedi.asiandevelopers.com/govarnex-demo/assets/vendors/fontawesome/webfonts/fa-brands-400.svg]
[mehedi.asiandevelopers.com/govarnex-demo/assets/vendors/fontawesome/webfonts/fa-regular-400.woff2]
[mehedi.asiandevelopers.com/govarnex-demo/assets/vendors/fontawesome/webfonts/fa-regular-400.woff]
[mehedi.asiandevelopers.com/govarnex-demo/assets/vendors/fontawesome/webfonts/fa-regular-400.ttf]
[mehedi.asiandevelopers.com/govarnex-demo/assets/vendors/fontawesome/webfonts/fa-regular-400.svg]
[mehedi.asiandevelopers.com/govarnex-demo/assets/vendors/fontawesome/webfonts/fa-solid-900.eot]
[mehedi.asiandevelopers.com/govarnex-demo/assets/vendors/fontawesome/webfonts/fa-solid-900.woff2]
[mehedi.asiandevelopers.com/govarnex-demo/assets/vendors/fontawesome/webfonts/fa-solid-900d41d.eot]
[mehedi.asiandevelopers.com/govarnex-demo/assets/vendors/fontawesome/webfonts/fa-solid-900.woff]
[mehedi.asiandevelopers.com/govarnex-demo/assets/vendors/fontawesome/webfonts/fa-solid-900.ttf]
[mehedi.asiandevelopers.com/govarnex-demo/assets/vendors/fontawesome/css/all.min.css]
[mehedi.asiandevelopers.com/govarnex-demo/assets/vendors/jquery-magnific-popup/jquery.magnific-popup.css]
[mehedi.asiandevelopers.com/govarnex-demo/assets/vendors/jquery-ui/images/ui-bg_highlight-soft_75_cccccc_1x100.png]
[mehedi.asiandevelopers.com/govarnex-demo/assets/vendors/jquery-ui/images/ui-bg_glass_75_e6e6e6_1x400.png]
[mehedi.asiandevelopers.com/govarnex-demo/assets/vendors/jquery-ui/images/ui-bg_glass_75_dadada_1x400.png]
[mehedi.asiandevelopers.com/govarnex-demo/assets/vendors/jquery-ui/images/ui-bg_glass_65_ffffff_1x400.png]
[mehedi.asiandevelopers.com/govarnex-demo/assets/vendors/jquery-ui/images/ui-bg_glass_55_fbf9ee_1x400.png]
[mehedi.asiandevelopers.com/govarnex-demo/assets/vendors/jquery-ui/images/ui-bg_glass_95_fef1ec_1x400.png]
[mehedi.asiandevelopers.com/govarnex-demo/assets/vendors/jquery-ui/images/ui-icons_222222_256x240.png]
[mehedi.asiandevelopers.com/govarnex-demo/assets/vendors/jquery-ui/images/ui-icons_888888_256x240.png]
[mehedi.asiandevelopers.com/govarnex-demo/assets/vendors/jquery-ui/images/ui-icons_454545_256x240.png]
[mehedi.asiandevelopers.com/govarnex-demo/assets/vendors/fontawesome/webfonts/fa-solid-900.svg]
[mehedi.asiandevelopers.com/govarnex-demo/assets/vendors/jquery-ui/images/ui-icons_2e83ff_256x240.png]
[mehedi.asiandevelopers.com/govarnex-demo/assets/vendors/jquery-ui/images/ui-icons_cd0a0a_256x240.png]
[mehedi.asiandevelopers.com/govarnex-demo/assets/vendors/jquery-ui/jquery-ui.css]
[mehedi.asiandevelopers.com/govarnex-demo/assets/vendors/nice-select/nice-select.css]
[mehedi.asiandevelopers.com/govarnex-demo/assets/vendors/odometer/odometer.min.css]
[mehedi.asiandevelopers.com/govarnex-demo/assets/vendors/nouislider/nouislider.min.css]
[mehedi.asiandevelopers.com/govarnex-demo/assets/vendors/nouislider/nouislider.pips.css]
[mehedi.asiandevelopers.com/govarnex-demo/assets/vendors/owl-carousel/owl.carousel.min.css]
[mehedi.asiandevelopers.com/govarnex-demo/assets/vendors/owl-carousel/owl.theme.default.min.css]
[mehedi.asiandevelopers.com/govarnex-demo/assets/vendors/swiper/swiper.min.css]
[mehedi.asiandevelopers.com/govarnex-demo/assets/vendors/timepicker/timePicker.css]
[mehedi.asiandevelopers.com/govarnex-demo/assets/vendors/tiny-slider/tiny-slider.min.css]
[mehedi.asiandevelopers.com/govarnex-demo/assets/vendors/vegas/vegas.min.css]
[mehedi.asiandevelopers.com/govarnex-demo/assets/vendors/thm-icons/fonts/icomoon78ed.eot]
[mehedi.asiandevelopers.com/govarnex-demo/assets/vendors/thm-icons/fonts/icomoon78ed.ttf]
[mehedi.asiandevelopers.com/govarnex-demo/assets/vendors/thm-icons/fonts/icomoon78ed.woff]
[mehedi.asiandevelopers.com/govarnex-demo/assets/vendors/thm-icons/style.css]
[mehedi.asiandevelopers.com/govarnex-demo/assets/css/module-css/01-header-section.css]
[mehedi.asiandevelopers.com/govarnex-demo/assets/css/module-css/02-banner-section.css]
[mehedi.asiandevelopers.com/govarnex-demo/assets/css/module-css/03-about-section.css]
[mehedi.asiandevelopers.com/govarnex-demo/assets/css/module-css/04-fact-counter-section.css]
[mehedi.asiandevelopers.com/govarnex-demo/assets/css/module-css/05-testimonial-section.css]
[mehedi.asiandevelopers.com/govarnex-demo/assets/css/module-css/06-partner-section.css]
[mehedi.asiandevelopers.com/govarnex-demo/assets/css/module-css/07-footer-section.css]
[mehedi.asiandevelopers.com/govarnex-demo/assets/css/module-css/08-blog-section.css]
[mehedi.asiandevelopers.com/govarnex-demo/assets/vendors/thm-icons/fonts/icomoon78ed.svg]
[mehedi.asiandevelopers.com/govarnex-demo/assets/css/style.css]
[mehedi.asiandevelopers.com/govarnex-demo/assets/css/responsive.css]
[mehedi.asiandevelopers.com/govarnex-demo/]
[mehedi.asiandevelopers.com/govarnex-demo/]
[mehedi.asiandevelopers.com/govarnex-demo/assets/images/shapes/home-v2-logo-bg.png]
[mehedi.asiandevelopers.com/govarnex-demo/assets/images/slides/slide-v2-1.jpg]
[mehedi.asiandevelopers.com/govarnex-demo/assets/images/shapes/features-v2-shape1.png]
[mehedi.asiandevelopers.com/govarnex-demo/assets/images/about/about-v2-img1.jpg]
[mehedi.asiandevelopers.com/govarnex-demo/assets/images/about/about-v2-img2.jpg]
[mehedi.asiandevelopers.com/govarnex-demo/assets/images/shapes/services-v2-shape1.png]
[mehedi.asiandevelopers.com/govarnex-demo/assets/images/shapes/services-v2-shape2.png]
[mehedi.asiandevelopers.com/govarnex-demo/assets/images/services/services-v2-img1.jpg]
[mehedi.asiandevelopers.com/govarnex-demo/assets/images/services/services-v2-img2.jpg]
[mehedi.asiandevelopers.com/govarnex-demo/assets/images/services/services-v2-img3.jpg]
[mehedi.asiandevelopers.com/govarnex-demo/assets/images/shapes/instant-services-v2-shape1.png]
[mehedi.asiandevelopers.com/govarnex-demo/assets/images/resources/portfolio-v1-img1.jpg]
[mehedi.asiandevelopers.com/govarnex-demo/assets/images/resources/portfolio-v1-img2.jpg]
[mehedi.asiandevelopers.com/govarnex-demo/assets/images/resources/portfolio-v1-img3.jpg]
[mehedi.asiandevelopers.com/govarnex-demo/assets/images/resources/portfolio-v1-img4.jpg]
[mehedi.asiandevelopers.com/govarnex-demo/assets/images/backgrounds/testimonials-v2-bg.png]
[mehedi.asiandevelopers.com/govarnex-demo/assets/images/resources/government-voice-img1.png]
[mehedi.asiandevelopers.com/govarnex-demo/assets/images/resources/events-v2-img1.jpg]
[mehedi.asiandevelopers.com/govarnex-demo/assets/images/resources/events-v2-img2.jpg]
[mehedi.asiandevelopers.com/govarnex-demo/assets/images/resources/events-v2-img3.jpg]
[mehedi.asiandevelopers.com/govarnex-demo/assets/images/backgrounds/fact-counter-v2-bg.png]
[mehedi.asiandevelopers.com/govarnex-demo/assets/images/team/team-v2-img1.jpg]
[mehedi.asiandevelopers.com/govarnex-demo/assets/images/team/team-v2-img2.jpg]
[mehedi.asiandevelopers.com/govarnex-demo/assets/images/team/team-v2-img3.jpg]
[mehedi.asiandevelopers.com/govarnex-demo/assets/images/team/team-v2-img4.jpg]
[mehedi.asiandevelopers.com/govarnex-demo/assets/images/blog/blog-v2-1.jpg]
[mehedi.asiandevelopers.com/govarnex-demo/assets/images/blog/blog-v2-2.jpg]
[mehedi.asiandevelopers.com/govarnex-demo/assets/images/blog/blog-v2-3.jpg]
[mehedi.asiandevelopers.com/govarnex-demo/]
[mehedi.asiandevelopers.com/govarnex-demo/]
[mehedi.asiandevelopers.com/govarnex-demo/assets/images/shapes/slider-v3-shape1.png]
[mehedi.asiandevelopers.com/govarnex-demo/assets/images/shapes/slider-v3-shape2.png]
[mehedi.asiandevelopers.com/govarnex-demo/assets/images/shapes/slider-v3-shape3.png]
[mehedi.asiandevelopers.com/govarnex-demo/assets/images/shapes/slider-v3-shape5.png]
[mehedi.asiandevelopers.com/govarnex-demo/assets/images/shapes/slider-v3-shape6.png]
[mehedi.asiandevelopers.com/govarnex-demo/assets/images/shapes/slider-v3-shape7.png]
[mehedi.asiandevelopers.com/govarnex-demo/assets/images/shapes/slider-v3-shape8.png]
[mehedi.asiandevelopers.com/govarnex-demo/assets/images/slides/slide-v3-1.png]
[mehedi.asiandevelopers.com/govarnex-demo/assets/images/about/about-v3-img1.jpg]
[mehedi.asiandevelopers.com/govarnex-demo/assets/images/shapes/services-v3-shape1.png]
[mehedi.asiandevelopers.com/govarnex-demo/assets/images/resources/events-v3-img1.jpg]
[mehedi.asiandevelopers.com/govarnex-demo/assets/images/resources/events-v3-img2.jpg]
[mehedi.asiandevelopers.com/govarnex-demo/assets/images/resources/events-v3-img3.jpg]
[mehedi.asiandevelopers.com/govarnex-demo/assets/images/resources/events-v3-img4.jpg]
[mehedi.asiandevelopers.com/govarnex-demo/assets/images/testimonial/testimonial-v3-img1.png]
[mehedi.asiandevelopers.com/govarnex-demo/assets/images/testimonial/testimonial-v3-2.jpg]
[mehedi.asiandevelopers.com/govarnex-demo/assets/images/team/team-v3-img1.jpg]
[mehedi.asiandevelopers.com/govarnex-demo/assets/images/team/team-v3-img2.jpg]
[mehedi.asiandevelopers.com/govarnex-demo/assets/images/team/team-v3-img3.jpg]
[mehedi.asiandevelopers.com/govarnex-demo/]
[mehedi.asiandevelopers.com/govarnex-demo/]
[mehedi.asiandevelopers.com/govarnex-demo/assets/css/dark.css]
[mehedi.asiandevelopers.com/govarnex-demo/index-dark.html]
[mehedi.asiandevelopers.com/govarnex-demo/assets/css/module-css/09-breadcrumb-section.css]
[mehedi.asiandevelopers.com/govarnex-demo/assets/images/backgrounds/breadcrumb-v1-bg.jpg]
[mehedi.asiandevelopers.com/govarnex-demo/assets/images/about/about-page-about-img1.jpg]
[mehedi.asiandevelopers.com/govarnex-demo/about.html]
[mehedi.asiandevelopers.com/govarnex-demo/assets/images/resources/history-img1.jpg]
[mehedi.asiandevelopers.com/govarnex-demo/assets/images/resources/history-img2.jpg]
[mehedi.asiandevelopers.com/govarnex-demo/assets/images/resources/history-img3.jpg]
[mehedi.asiandevelopers.com/govarnex-demo/assets/images/resources/history-img4.jpg]
[mehedi.asiandevelopers.com/govarnex-demo/assets/images/shapes/cta-v2-shape1.png]
[mehedi.asiandevelopers.com/govarnex-demo/history.html]
[mehedi.asiandevelopers.com/govarnex-demo/assets/images/shapes/services-page-shape1.png]
[mehedi.asiandevelopers.com/govarnex-demo/services.html]
[mehedi.asiandevelopers.com/govarnex-demo/assets/images/services/services-v2-img4.jpg]
[mehedi.asiandevelopers.com/govarnex-demo/assets/images/services/services-v2-img5.jpg]
[mehedi.asiandevelopers.com/govarnex-demo/assets/images/services/services-v2-img6.jpg]
[mehedi.asiandevelopers.com/govarnex-demo/]
[mehedi.asiandevelopers.com/govarnex-demo/]
[mehedi.asiandevelopers.com/govarnex-demo/assets/images/resources/departments-details-img1.jpg]
[mehedi.asiandevelopers.com/govarnex-demo/assets/images/resources/departments-details-img2.jpg]
[mehedi.asiandevelopers.com/govarnex-demo/departments-details.html]
[mehedi.asiandevelopers.com/govarnex-demo/assets/images/shapes/testimonials-page-bg.png]
[mehedi.asiandevelopers.com/govarnex-demo/testimonials.html]
[mehedi.asiandevelopers.com/govarnex-demo/assets/images/backgrounds/faq-page-bg.png]
[mehedi.asiandevelopers.com/govarnex-demo/faq.html]
[mehedi.asiandevelopers.com/govarnex-demo/assets/images/resources/portfolio-grid-img1.jpg]
[mehedi.asiandevelopers.com/govarnex-demo/assets/images/resources/portfolio-grid-img2.jpg]
[mehedi.asiandevelopers.com/govarnex-demo/assets/images/resources/portfolio-grid-img3.jpg]
[mehedi.asiandevelopers.com/govarnex-demo/assets/images/resources/portfolio-grid-img4.jpg]
[mehedi.asiandevelopers.com/govarnex-demo/assets/images/resources/portfolio-grid-img5.jpg]
[mehedi.asiandevelopers.com/govarnex-demo/assets/images/resources/portfolio-grid-img6.jpg]
[mehedi.asiandevelopers.com/govarnex-demo/]
[mehedi.asiandevelopers.com/govarnex-demo/assets/images/resources/portfolio-masonry-img1.jpg]
[mehedi.asiandevelopers.com/govarnex-demo/assets/images/resources/portfolio-masonry-img2.jpg]
[mehedi.asiandevelopers.com/govarnex-demo/assets/images/resources/portfolio-masonry-img3.jpg]
[mehedi.asiandevelopers.com/govarnex-demo/assets/images/resources/portfolio-masonry-img4.jpg]
[mehedi.asiandevelopers.com/govarnex-demo/assets/images/resources/portfolio-masonry-img6.jpg]
[mehedi.asiandevelopers.com/govarnex-demo/assets/images/resources/portfolio-masonry-img5.jpg]
[mehedi.asiandevelopers.com/govarnex-demo/portfolio-masonry.html]
[mehedi.asiandevelopers.com/govarnex-demo/assets/images/team/team-v1-img5.jpg]
[mehedi.asiandevelopers.com/govarnex-demo/assets/images/team/team-v1-img6.jpg]
[mehedi.asiandevelopers.com/govarnex-demo/assets/images/team/team-v1-img7.jpg]
[mehedi.asiandevelopers.com/govarnex-demo/assets/images/team/team-v1-img8.jpg]
[mehedi.asiandevelopers.com/govarnex-demo/]
[mehedi.asiandevelopers.com/govarnex-demo/assets/images/team/team-v3-img4.jpg]
[mehedi.asiandevelopers.com/govarnex-demo/assets/images/team/team-v3-img5.jpg]
[mehedi.asiandevelopers.com/govarnex-demo/assets/images/team/team-v3-img6.jpg]
[mehedi.asiandevelopers.com/govarnex-demo/]
[mehedi.asiandevelopers.com/govarnex-demo/assets/images/team/team-details-img1.jpg]
[mehedi.asiandevelopers.com/govarnex-demo/assets/images/resources/team-details-signature.png]
[mehedi.asiandevelopers.com/govarnex-demo/team-details.html]
[mehedi.asiandevelopers.com/govarnex-demo/assets/images/resources/events-v1-img4.jpg]
[mehedi.asiandevelopers.com/govarnex-demo/assets/images/resources/events-v1-img5.jpg]
[mehedi.asiandevelopers.com/govarnex-demo/events-1.html]
[mehedi.asiandevelopers.com/govarnex-demo/assets/images/resources/events-v2-img4.jpg]
[mehedi.asiandevelopers.com/govarnex-demo/assets/images/resources/events-v2-img5.jpg]
[mehedi.asiandevelopers.com/govarnex-demo/assets/images/resources/events-v2-img6.jpg]
[mehedi.asiandevelopers.com/govarnex-demo/assets/images/resources/events-v2-img7.jpg]
[mehedi.asiandevelopers.com/govarnex-demo/assets/images/resources/events-v2-img8.jpg]
[mehedi.asiandevelopers.com/govarnex-demo/assets/images/resources/events-v2-img9.jpg]
[mehedi.asiandevelopers.com/govarnex-demo/]
[mehedi.asiandevelopers.com/govarnex-demo/assets/images/resources/event-details-img1.jpg]
[mehedi.asiandevelopers.com/govarnex-demo/assets/images/resources/event-details-img2.jpg]
[mehedi.asiandevelopers.com/govarnex-demo/assets/images/resources/event-details-img3.jpg]
[mehedi.asiandevelopers.com/govarnex-demo/assets/images/resources/event-details-img4.jpg]
[mehedi.asiandevelopers.com/govarnex-demo/assets/images/resources/event-details-img5.jpg]
[mehedi.asiandevelopers.com/govarnex-demo/assets/images/resources/event-details-img6.jpg]
[mehedi.asiandevelopers.com/govarnex-demo/event-details.html]
[mehedi.asiandevelopers.com/govarnex-demo/assets/images/blog/blog-v1-4.jpg]
[mehedi.asiandevelopers.com/govarnex-demo/assets/images/blog/blog-v1-5.jpg]
[mehedi.asiandevelopers.com/govarnex-demo/assets/images/blog/blog-v1-6.jpg]
[mehedi.asiandevelopers.com/govarnex-demo/assets/images/blog/blog-v1-7.jpg]
[mehedi.asiandevelopers.com/govarnex-demo/assets/images/blog/blog-v1-8.jpg]
[mehedi.asiandevelopers.com/govarnex-demo/assets/images/blog/blog-v1-9.jpg]
[mehedi.asiandevelopers.com/govarnex-demo/assets/images/blog/blog-v1-10.jpg]
[mehedi.asiandevelopers.com/govarnex-demo/assets/images/blog/blog-v1-11.jpg]
[mehedi.asiandevelopers.com/govarnex-demo/assets/images/blog/blog-v1-12.jpg]
[mehedi.asiandevelopers.com/govarnex-demo/blog-grid.html]
[mehedi.asiandevelopers.com/govarnex-demo/assets/images/blog/blog-standard-img1.jpg]
[mehedi.asiandevelopers.com/govarnex-demo/assets/images/blog/blog-standard-img2.jpg]
[mehedi.asiandevelopers.com/govarnex-demo/assets/images/blog/blog-standard-img3.jpg]
[mehedi.asiandevelopers.com/govarnex-demo/assets/images/blog/blog-standard-img4.jpg]
[mehedi.asiandevelopers.com/govarnex-demo/assets/images/blog/blog-standard-img5.jpg]
[mehedi.asiandevelopers.com/govarnex-demo/assets/images/sidebar/blog-post-img1.jpg]
[mehedi.asiandevelopers.com/govarnex-demo/assets/images/sidebar/blog-post-img2.jpg]
[mehedi.asiandevelopers.com/govarnex-demo/assets/images/sidebar/blog-post-img3.jpg]
[mehedi.asiandevelopers.com/govarnex-demo/assets/images/sidebar/photo-gallery-img1.jpg]
[mehedi.asiandevelopers.com/govarnex-demo/assets/images/sidebar/photo-gallery-img2.jpg]
[mehedi.asiandevelopers.com/govarnex-demo/assets/images/sidebar/photo-gallery-img3.jpg]
[mehedi.asiandevelopers.com/govarnex-demo/assets/images/sidebar/photo-gallery-img4.jpg]
[mehedi.asiandevelopers.com/govarnex-demo/assets/images/sidebar/photo-gallery-img5.jpg]
[mehedi.asiandevelopers.com/govarnex-demo/assets/images/sidebar/photo-gallery-img6.jpg]
[mehedi.asiandevelopers.com/govarnex-demo/]
[mehedi.asiandevelopers.com/govarnex-demo/assets/images/backgrounds/breadcrumb-v1-bg2.jpg]
[mehedi.asiandevelopers.com/govarnex-demo/assets/images/blog/blog-details-img1.jpg]
[mehedi.asiandevelopers.com/govarnex-demo/assets/images/blog/blog-details-img2.jpg]
[mehedi.asiandevelopers.com/govarnex-demo/assets/images/blog/blog-details-img3.jpg]
[mehedi.asiandevelopers.com/govarnex-demo/assets/images/blog/blog-details-img4.jpg]
[mehedi.asiandevelopers.com/govarnex-demo/blog-details.html]
[mehedi.asiandevelopers.com/govarnex-demo/assets/css/module-css/10-contact.css]
[mehedi.asiandevelopers.com/govarnex-demo/contact.html]
[mehedi.asiandevelopers.com/govarnex-demo/assets/vendors/parallax/parallax.min.js]
[mehedi.asiandevelopers.com/govarnex-demo/assets/vendors/timepicker/timePicker.js]
[mehedi.asiandevelopers.com/govarnex-demo/assets/vendors/swiper/swiper.min.js]
[mehedi.asiandevelopers.com/govarnex-demo/assets/vendors/tiny-slider/tiny-slider.min.js]
[mehedi.asiandevelopers.com/govarnex-demo/assets/vendors/typed-2.0.11/typed-2.0.11.js]
[mehedi.asiandevelopers.com/govarnex-demo/assets/vendors/vegas/vegas.min.js]
[mehedi.asiandevelopers.com/govarnex-demo/assets/vendors/wow/wow.js]
[mehedi.asiandevelopers.com/govarnex-demo/assets/vendors/jarallax/jarallax.min.js]
[mehedi.asiandevelopers.com/govarnex-demo/assets/vendors/images/icon/bx_loader.html]
[mehedi.asiandevelopers.com/govarnex-demo/assets/vendors/img/bx-slider/controls.html]
[mehedi.asiandevelopers.com/govarnex-demo/assets/js/custom.js]
[mehedi.asiandevelopers.com/govarnex-demo/assets/vendors/fontawesome/webfonts/fa-brands-400.svg]
[mehedi.asiandevelopers.com/govarnex-demo/assets/vendors/fontawesome/webfonts/fa-regular-400.svg]
[mehedi.asiandevelopers.com/govarnex-demo/assets/vendors/owl-carousel/owl.carousel.min.js]
[mehedi.asiandevelopers.com/govarnex-demo/assets/vendors/fontawesome/webfonts/fa-solid-900.svg]
[mehedi.asiandevelopers.com/govarnex-demo/assets/vendors/nouislider/nouislider.min.css]
[mehedi.asiandevelopers.com/govarnex-demo/assets/vendors/nouislider/nouislider.pips.css]
[mehedi.asiandevelopers.com/govarnex-demo/assets/vendors/owl-carousel/owl.video.play.html]
[mehedi.asiandevelopers.com/govarnex-demo/assets/vendors/timepicker/images/ui-icons_444444_256x240.html]
[mehedi.asiandevelopers.com/govarnex-demo/assets/vendors/vegas/overlays/02.html]
[mehedi.asiandevelopers.com/govarnex-demo/assets/vendors/thm-icons/fonts/icomoon78ed.svg]
[mehedi.asiandevelopers.com/govarnex-demo/assets/css/dark.css]
[mehedi.asiandevelopers.com/govarnex-demo/assets/css/module-css/09-breadcrumb-section.css]
[mehedi.asiandevelopers.com/govarnex-demo/assets/css/module-css/10-contact.css]
[mehedi.asiandevelopers.com/govarnex-demo/assets/vendors/wnumb/wNumb.min.js]
